final_regressor = mwt.model
predictions = cb_eval1.preds
Num weight bits = 18
learning rate = 0.5
initial_t = 0
power_t = 0.5
using no cache
Reading datafile = train-sets/cb_eval1
num sources = 1
average  since         example        example  current  current  current
loss     last          counter         weight    label  predict features

finished run
number of examples per pass = 0
passes used = 1
weighted example sum = 0
weighted label sum = 0
average loss = -nan
total feature number = 0
